// Jest Snapshot v1, https://goo.gl/fbAQLP

exports[`Home has expected content with deep render 1`] = `
<BrowserRouter>
  <div
    className="appRouter"
  >
    <Route
      render={[Function]}
    />
    <Route
      path="/:viewSlug?/:propsSlug?"
      render={[Function]}
    />
  </div>
</BrowserRouter>
`;
